<html>
<body>
<pre>
<h1>µVision Build Log</h1>
<h2>Tool Versions:</h2>
IDE-Version: ¦ÌVision V5.31.0.0
Copyright (C) 2020 ARM Ltd and ARM Germany GmbH. All rights reserved.
License Information: Erin Erin, lh, LIC=03CWF-6WK8V-KBMER-KS3Q6-RP71F-WLZIY
 
Tool Versions:
Toolchain:       MDK-ARM Plus  Version: 5.31.0.0
Toolchain Path:  D:\keil\ARM\ARMCLANG\Bin
C Compiler:      ArmClang.exe V6.14
Assembler:       Armasm.exe V6.14
Linker/Locator:  ArmLink.exe V6.14
Library Manager: ArmAr.exe V6.14
Hex Converter:   FromElf.exe V6.14
CPU DLL:         SARMCM3.DLL V5.31.0.0
Dialog DLL:      DCM.DLL V1.17.3.0
Target DLL:      UL2CM3.DLL V1.163.4.0
Dialog DLL:      TCM.DLL V1.46.0.0
 
<h2>Project:</h2>
D:\cuankou\CK.uvprojx
Project File Date:  10/15/2022

<h2>Output:</h2>
*** Using Compiler 'V6.14', folder: 'D:\keil\ARM\ARMCLANG\Bin'
Rebuild target 'Target 1'
assembling ck.s...
linking...
.\Objects\CK.sct(8): warning: L6314W: No section matches pattern *(InRoot$$Sections).
Program Size: Code=536 RO-data=84 RW-data=0 ZI-data=0  
Finished: 0 information, 1 warning and 0 error messages.
FromELF: creating hex file...
".\Objects\CK.axf" - 0 Error(s), 1 Warning(s).

<h2>Software Packages used:</h2>

Package Vendor: Keil
                http://www.keil.com/pack/Keil.STM32F1xx_DFP.2.1.0.pack
                Keil.STM32F1xx_DFP.2.1.0
                STMicroelectronics STM32F1 Series Device Support, Drivers and Examples

<h2>Collection of Component include folders:</h2>
  D:\keil\KEIL\STM32F1xx_DFP\2.1.0\Device\Include

<h2>Collection of Component Files used:</h2>
Build Time Elapsed:  00:00:00
</pre>
</body>
</html>
